// Jest Snapshot v1, https://goo.gl/fbAQLP

exports[`SearchForm Component SearchForm Component Snapshot 1`] = `
<form
  action="#"
  onReset={[Function]}
  onSubmit={[Function]}
>
  <div
    className="search-form"
  >
    <div
      className="auto-complete"
    >
      <input
        name="queryString"
        onBlur={[Function]}
        onChange={[Function]}
        value=""
      />
      
    </div>
    <div>
      <button
        className="btn-primary"
        disabled={true}
        type="submit"
      >
        Submit
      </button>
    </div>
  </div>
</form>
`;
